[2026-06-22 19:34:48] Page: 'Quick Navigation' | Load Time: 0.045s
[2026-06-22 19:34:56] Page: 'Quick Sort' | Load Time: 0.112s
[2026-06-22 19:34:59] Page: 'Quick Sort' | Load Time: 0.016s
[2026-06-22 19:35:01] Page: 'Quick Navigation' | Load Time: 0.017s
[2026-06-22 19:35:05] Page: 'Manga Library' | Load Time: 0.976s
[2026-06-22 19:39:06] Page: 'Manga Search' | Load Time: 0.287s
[2026-06-22 19:39:11] Page: 'Manga Library' | Load Time: 0.049s
[2026-06-22 19:39:13] Page: 'Manga Sort' | Load Time: 0.118s
[2026-06-22 19:39:21] Page: 'Twitch Watch' | Load Time: 1.376s
[2026-06-22 19:39:47] Page: 'Spotify Scrobbler' | Load Time: 2.848s
[2026-06-22 19:39:50] Page: 'MAL Local Tracker' | Load Time: 0.032s
[2026-06-22 19:39:53] Page: 'YouTube Downloader' | Load Time: 0.029s
[2026-06-22 19:40:01] Page: 'Spotify Downloader' | Load Time: 0.910s
[2026-06-22 19:40:10] Page: 'RSS Feed Manager' | Load Time: 2.788s
[2026-06-22 19:40:18] Page: 'YouTube RSS Feed' | Load Time: 0.310s
[2026-06-22 19:40:25] Page: 'Visual Scraper' | Load Time: 0.134s
[2026-06-22 19:40:32] Page: 'Price Drop Monitor' | Load Time: 0.054s
[2026-06-22 19:40:42] Page: 'Currency Tracker' | Load Time: 3.504s
[2026-06-22 19:40:47] Page: 'Image/Video Compressor' | Load Time: 0.033s
[2026-06-22 19:40:57] Page: 'AI Image Upscaler' | Load Time: 3.620s
[2026-06-22 19:41:02] Page: 'BG Remover' | Load Time: 0.015s
[2026-06-22 19:41:07] Page: 'Color Picker' | Load Time: 0.037s
[2026-06-22 19:41:12] Page: 'Depth Estimator' | Load Time: 0.052s
[2026-06-22 19:41:27] Page: 'Object Detection' | Load Time: 7.675s
[2026-06-22 19:41:31] Page: 'Face Blurring' | Load Time: 0.081s
[2026-06-22 19:57:30] Page: 'Video Censor' | Load Time: 0.823s
[2026-06-22 19:57:36] Page: 'Subtitle Studio' | Load Time: 0.061s
[2026-06-22 19:57:39] Page: 'Sub Fetcher' | Load Time: 0.014s
[2026-06-22 19:57:47] Page: 'ASS Subtitle Merger' | Load Time: 0.020s
[2026-06-22 19:57:52] Page: 'Media Tags Editor' | Load Time: 0.321s
[2026-06-22 19:57:57] Page: 'Timestamp Modifier' | Load Time: 0.006s
[2026-06-22 19:57:59] Page: 'EXIF Stripper' | Load Time: 0.009s
[2026-06-22 19:58:25] Page: 'Excel Cleaner' | Load Time: 0.016s
[2026-06-22 19:58:33] Page: 'Receipt Scanner' | Load Time: 0.017s
[2026-06-22 19:58:38] Page: 'Math to LaTeX' | Load Time: 0.134s
[2026-06-22 19:58:47] Page: 'File Integrity Checker' | Load Time: 0.031s
[2026-06-22 19:58:53] Page: 'Mega Link Cleaner' | Load Time: 0.018s
[2026-06-22 19:59:12] Page: 'Package Manager' | Load Time: 13.396s
[2026-06-22 19:59:19] Page: 'Docker Manager' | Load Time: 0.175s
[2026-06-22 19:59:26] Page: 'Environment Variables' | Load Time: 0.113s
[2026-06-22 19:59:34] Page: 'Startup & Services' | Load Time: 1.716s
[2026-06-22 19:59:55] Page: 'System Monitor' | Load Time: 1.391s
[2026-06-22 20:00:02] Page: 'Network Monitor' | Load Time: 0.290s
[2026-06-22 20:00:09] Page: 'Ping Test' | Load Time: 0.061s
